// Jest Snapshot v1, https://goo.gl/fbAQLP

exports[`<FrontPage /> renders 1`] = `
<div
  className="front-page"
>
  <Info />
  FrontPage
</div>
`;
